Release 14.7 - xst P.20131013 (nt64)
Copyright (c) 1995-2013 Xilinx, Inc.  All rights reserved.
--> Parameter TMPDIR set to xst/projnav.tmp


Total REAL time to Xst completion: 0.00 secs
Total CPU time to Xst completion: 0.12 secs
 
--> Parameter xsthdpdir set to xst


Total REAL time to Xst completion: 0.00 secs
Total CPU time to Xst completion: 0.12 secs
 
--> Reading design: StateMachine.prj

TABLE OF CONTENTS
  1) Synthesis Options Summary
  2) HDL Parsing
  3) HDL Elaboration
  4) HDL Synthesis
       4.1) HDL Synthesis Report
  5) Advanced HDL Synthesis
       5.1) Advanced HDL Synthesis Report
  6) Low Level Synthesis
  7) Partition Report
  8) Design Summary
       8.1) Primitive and Black Box Usage
       8.2) Device utilization summary
       8.3) Partition Resource Summary
       8.4) Timing Report
            8.4.1) Clock Information
            8.4.2) Asynchronous Control Signals Information
            8.4.3) Timing Summary
            8.4.4) Timing Details
            8.4.5) Cross Clock Domains Report


=========================================================================
*                      Synthesis Options Summary                        *
=========================================================================
---- Source Parameters
Input File Name                    : "StateMachine.prj"
Ignore Synthesis Constraint File   : NO

---- Target Parameters
Output File Name                   : "StateMachine"
Output Format                      : NGC
Target Device                      : xc6slx9-2-csg324

---- Source Options
Top Module Name                    : StateMachine
Automatic FSM Extraction           : YES
FSM Encoding Algorithm             : Auto
Safe Implementation                : No
FSM Style                          : LUT
RAM Extraction                     : Yes
RAM Style                          : Auto
ROM Extraction                     : Yes
Shift Register Extraction          : YES
ROM Style                          : Auto
Resource Sharing                   : YES
Asynchronous To Synchronous        : NO
Shift Register Minimum Size        : 2
Use DSP Block                      : Auto
Automatic Register Balancing       : No

---- Target Options
LUT Combining                      : Auto
Reduce Control Sets                : Auto
Add IO Buffers                     : YES
Global Maximum Fanout              : 100000
Add Generic Clock Buffer(BUFG)     : 16
Register Duplication               : YES
Optimize Instantiated Primitives   : NO
Use Clock Enable                   : Auto
Use Synchronous Set                : Auto
Use Synchronous Reset              : Auto
Pack IO Registers into IOBs        : Auto
Equivalent register Removal        : YES

---- General Options
Optimization Goal                  : Speed
Optimization Effort                : 1
Power Reduction                    : NO
Keep Hierarchy                     : No
Netlist Hierarchy                  : As_Optimized
RTL Output                         : Yes
Global Optimization                : AllClockNets
Read Cores                         : YES
Write Timing Constraints           : NO
Cross Clock Analysis               : NO
Hierarchy Separator                : /
Bus Delimiter                      : <>
Case Specifier                     : Maintain
Slice Utilization Ratio            : 100
BRAM Utilization Ratio             : 100
DSP48 Utilization Ratio            : 100
Auto BRAM Packing                  : NO
Slice Utilization Ratio Delta      : 5

=========================================================================


=========================================================================
*                          HDL Parsing                                  *
=========================================================================
Parsing VHDL file "C:\Users\phil\Documents\GitHub\Calculator\Stack.vhd" into library work
Parsing entity <charStack>.
Parsing architecture <Behavioral> of entity <charstack>.
Parsing VHDL file "C:\Users\phil\Documents\GitHub\Calculator\UART-tx-buffer.vhd" into library work
Parsing entity <UART_tx_buffer>.
Parsing architecture <Behavioral> of entity <uart_tx_buffer>.
Parsing VHDL file "C:\Users\phil\Documents\GitHub\Calculator\Intergenator.vhd" into library work
Parsing entity <Intergenator>.
Parsing architecture <Behavioral> of entity <intergenator>.
Parsing VHDL file "C:\Users\phil\Documents\GitHub\Calculator\StateMachine.vhd" into library work
Parsing entity <StateMachine>.
Parsing architecture <Behavioral> of entity <statemachine>.

=========================================================================
*                            HDL Elaboration                            *
=========================================================================

Elaborating entity <StateMachine> (architecture <Behavioral>) with generics from library <work>.
WARNING:HDLCompiler:871 - "C:\Users\phil\Documents\GitHub\Calculator\StateMachine.vhd" Line 87: Using initial value '0' for buffuarttxready since it is never assigned

Elaborating entity <Intergenator> (architecture <Behavioral>) from library <work>.

Elaborating entity <charStack> (architecture <Behavioral>) from library <work>.
WARNING:HDLCompiler:811 - "C:\Users\phil\Documents\GitHub\Calculator\Intergenator.vhd" Line 104: Synthesis ignores all but the first waveform
ERROR:HDLCompiler:890 - "C:\Users\phil\Documents\GitHub\Calculator\Intergenator.vhd" Line 110: wait statement without UNTIL clause not supported for synthesis
ERROR:HDLCompiler:1288 - "C:\Users\phil\Documents\GitHub\Calculator\Intergenator.vhd" Line 110: Wait statements in branch statements are not supported for synthesis
WARNING:HDLCompiler:1127 - "C:\Users\phil\Documents\GitHub\Calculator\Intergenator.vhd" Line 90: Assignment to placecounter ignored, since the identifier is never used
Netlist Intergenator(Behavioral) remains a blackbox, due to errors in its contents

Elaborating entity <UART_tx_buffer> (architecture <Behavioral>) from library <work>.
WARNING:HDLCompiler:92 - "C:\Users\phil\Documents\GitHub\Calculator\UART-tx-buffer.vhd" Line 74: txready should be on the sensitivity list of the process
WARNING:HDLCompiler:92 - "C:\Users\phil\Documents\GitHub\Calculator\UART-tx-buffer.vhd" Line 76: buff should be on the sensitivity list of the process
WARNING:HDLCompiler:92 - "C:\Users\phil\Documents\GitHub\Calculator\UART-tx-buffer.vhd" Line 80: outputindex should be on the sensitivity list of the process
WARNING:HDLCompiler:92 - "C:\Users\phil\Documents\GitHub\Calculator\UART-tx-buffer.vhd" Line 83: outputindex should be on the sensitivity list of the process
WARNING:HDLCompiler:811 - "C:\Users\phil\Documents\GitHub\Calculator\StateMachine.vhd" Line 150: Synthesis ignores all but the first waveform
WARNING:HDLCompiler:811 - "C:\Users\phil\Documents\GitHub\Calculator\StateMachine.vhd" Line 160: Synthesis ignores all but the first waveform
WARNING:HDLCompiler:811 - "C:\Users\phil\Documents\GitHub\Calculator\StateMachine.vhd" Line 137: Synthesis ignores all but the first waveform
ERROR:HDLCompiler:926 - "C:\Users\phil\Documents\GitHub\Calculator\StateMachine.vhd" Line 138: Multiple wait statements in one process are not supported in this case.
ERROR:HDLCompiler:891 - "C:\Users\phil\Documents\GitHub\Calculator\StateMachine.vhd" Line 138: wait statements in subprograms are not supported for synthesis
Netlist StateMachine(Behavioral) remains a blackbox, due to errors in its contents
--> 

Total memory usage is 258148 kilobytes

Number of errors   :    4 (   0 filtered)
Number of warnings :   10 (   0 filtered)
Number of infos    :    0 (   0 filtered)

